// Jest Snapshot v1, https://goo.gl/fbAQLP

exports[`StoriesCard should render title 1`] = `
<div>
  <div
    class="flex flex-col bg-white shadow-sm rounded border border-gray-200 relative pb-12"
  >
    <div
      class="flex-shrink-0"
    >
      <img
        alt="avatar"
        class="h-64 w-full object-cover"
        src="https://via.placeholder.com/150"
      />
    </div>
    <div
      class="mt-3 p-5 relative"
    >
      <a
        class="text-lg font-bold cursor-pointer underline"
        href="/stories/1"
      >
        Test Story
      </a>
      <div
        class="mt-1 mb-5"
      >
        Test Excerpt
      </div>
    </div>
    <a
      class="absolute bottom-0 mb-6 ml-5 inline-flex items-center px-4 py-2 border border-transparent text-base font-medium rounded-md shadow-sm text-white bg-blue-600 hover:bg-blue-700 focus:outline-none focus:ring-2 focus:ring-offset-2 focus:ring-blue-500"
      href="/stories/1"
    >
      See More
    </a>
  </div>
</div>
`;
